.\.venv\Scripts\python : Creating test database for alias 'default'...
At line:1 char:1
+ .\.venv\Scripts\python manage.py test apps.accounts.tests_admin_log > ...
+ ~~~~~~~~~~~~~~~~~~~~~~~~~~~~~~~~~~~~~~~~~~~~~~~~~~~~~~~~~~~~~~~~~~~~~
    + CategoryInfo          : NotSpecified: (Creating test d...as 'default'...:String) [], RemoteException
    + FullyQualifiedErrorId : NativeCommandError
 

Found 4 test(s).
System check identified no issues (0 silenced).
WARNING 2026-06-24 11:03:21,450 log 23784 24044 Forbidden (Permission denied): /admin/admin/logentry/add/
Traceback (most recent call last):
  File "X:\SSOC\Open-Source-Contribution-Atelier\backend\.venv\Lib\site-packages\django\core\handlers\exception.py", 
line 55, in inner
    response = get_response(request)
  File "X:\SSOC\Open-Source-Contribution-Atelier\backend\.venv\Lib\site-packages\django\core\handlers\base.py", line 
197, in _get_response
    response = wrapped_callback(request, *callback_args, **callback_kwargs)
  File "X:\SSOC\Open-Source-Contribution-Atelier\backend\.venv\Lib\site-packages\django\contrib\admin\options.py", 
line 718, in wrapper
    return self.admin_site.admin_view(view)(*args, **kwargs)
           ~~~~~~~~~~~~~~~~~~~~~~~~~~~~~~~~^^^^^^^^^^^^^^^^^
  File "X:\SSOC\Open-Source-Contribution-Atelier\backend\.venv\Lib\site-packages\django\utils\decorators.py", line 
188, in _view_wrapper
    result = _process_exception(request, e)
  File "X:\SSOC\Open-Source-Contribution-Atelier\backend\.venv\Lib\site-packages\django\utils\decorators.py", line 
186, in _view_wrapper
    response = view_func(request, *args, **kwargs)
  File "X:\SSOC\Open-Source-Contribution-Atelier\backend\.venv\Lib\site-packages\django\views\decorators\cache.py", 
line 80, in _view_wrapper
    response = view_func(request, *args, **kwargs)
  File "X:\SSOC\Open-Source-Contribution-Atelier\backend\.venv\Lib\site-packages\django\contrib\admin\sites.py", line 
241, in inner
    return view(request, *args, **kwargs)
  File "X:\SSOC\Open-Source-Contribution-Atelier\backend\.venv\Lib\site-packages\django\contrib\admin\options.py", 
line 1961, in add_view
    return self.changeform_view(request, None, form_url, extra_context)
           ~~~~~~~~~~~~~~~~~~~~^^^^^^^^^^^^^^^^^^^^^^^^^^^^^^^^^^^^^^^^
  File "X:\SSOC\Open-Source-Contribution-Atelier\backend\.venv\Lib\site-packages\django\utils\decorators.py", line 48, 
in _wrapper
    return bound_method(*args, **kwargs)
  File "X:\SSOC\Open-Source-Contribution-Atelier\backend\.venv\Lib\site-packages\django\utils\decorators.py", line 
188, in _view_wrapper
    result = _process_exception(request, e)
  File "X:\SSOC\Open-Source-Contribution-Atelier\backend\.venv\Lib\site-packages\django\utils\decorators.py", line 
186, in _view_wrapper
    response = view_func(request, *args, **kwargs)
  File "X:\SSOC\Open-Source-Contribution-Atelier\backend\.venv\Lib\site-packages\django\contrib\admin\options.py", 
line 1820, in changeform_view
    return self._changeform_view(request, object_id, form_url, extra_context)
           ~~~~~~~~~~~~~~~~~~~~~^^^^^^^^^^^^^^^^^^^^^^^^^^^^^^^^^^^^^^^^^^^^^
  File "X:\SSOC\Open-Source-Contribution-Atelier\backend\.venv\Lib\site-packages\django\contrib\admin\options.py", 
line 1836, in _changeform_view
    raise PermissionDenied
django.core.exceptions.PermissionDenied

WARNING 2026-06-24 11:03:21,502 log 23784 24044 Forbidden (Permission denied): /admin/admin/logentry/1/change/
Traceback (most recent call last):
  File "X:\SSOC\Open-Source-Contribution-Atelier\backend\.venv\Lib\site-packages\django\core\handlers\exception.py", 
line 55, in inner
    response = get_response(request)
  File "X:\SSOC\Open-Source-Contribution-Atelier\backend\.venv\Lib\site-packages\django\core\handlers\base.py", line 
197, in _get_response
    response = wrapped_callback(request, *callback_args, **callback_kwargs)
  File "X:\SSOC\Open-Source-Contribution-Atelier\backend\.venv\Lib\site-packages\django\contrib\admin\options.py", 
line 718, in wrapper
    return self.admin_site.admin_view(view)(*args, **kwargs)
           ~~~~~~~~~~~~~~~~~~~~~~~~~~~~~~~~^^^^^^^^^^^^^^^^^
  File "X:\SSOC\Open-Source-Contribution-Atelier\backend\.venv\Lib\site-packages\django\utils\decorators.py", line 
188, in _view_wrapper
    result = _process_exception(request, e)
  File "X:\SSOC\Open-Source-Contribution-Atelier\backend\.venv\Lib\site-packages\django\utils\decorators.py", line 
186, in _view_wrapper
    response = view_func(request, *args, **kwargs)
  File "X:\SSOC\Open-Source-Contribution-Atelier\backend\.venv\Lib\site-packages\django\views\decorators\cache.py", 
line 80, in _view_wrapper
    response = view_func(request, *args, **kwargs)
  File "X:\SSOC\Open-Source-Contribution-Atelier\backend\.venv\Lib\site-packages\django\contrib\admin\sites.py", line 
241, in inner
    return view(request, *args, **kwargs)
  File "X:\SSOC\Open-Source-Contribution-Atelier\backend\.venv\Lib\site-packages\django\contrib\admin\options.py", 
line 1964, in change_view
    return self.changeform_view(request, object_id, form_url, extra_context)
           ~~~~~~~~~~~~~~~~~~~~^^^^^^^^^^^^^^^^^^^^^^^^^^^^^^^^^^^^^^^^^^^^^
  File "X:\SSOC\Open-Source-Contribution-Atelier\backend\.venv\Lib\site-packages\django\utils\decorators.py", line 48, 
in _wrapper
    return bound_method(*args, **kwargs)
  File "X:\SSOC\Open-Source-Contribution-Atelier\backend\.venv\Lib\site-packages\django\utils\decorators.py", line 
188, in _view_wrapper
    result = _process_exception(request, e)
  File "X:\SSOC\Open-Source-Contribution-Atelier\backend\.venv\Lib\site-packages\django\utils\decorators.py", line 
186, in _view_wrapper
    response = view_func(request, *args, **kwargs)
  File "X:\SSOC\Open-Source-Contribution-Atelier\backend\.venv\Lib\site-packages\django\contrib\admin\options.py", 
line 1820, in changeform_view
    return self._changeform_view(request, object_id, form_url, extra_context)
           ~~~~~~~~~~~~~~~~~~~~~^^^^^^^^^^^^^^^^^^^^^^^^^^^^^^^^^^^^^^^^^^^^^
  File "X:\SSOC\Open-Source-Contribution-Atelier\backend\.venv\Lib\site-packages\django\contrib\admin\options.py", 
line 1844, in _changeform_view
    raise PermissionDenied
django.core.exceptions.PermissionDenied

WARNING 2026-06-24 11:03:21,508 log 23784 24044 Forbidden (Permission denied): /admin/admin/logentry/1/delete/
Traceback (most recent call last):
  File "X:\SSOC\Open-Source-Contribution-Atelier\backend\.venv\Lib\site-packages\django\core\handlers\exception.py", 
line 55, in inner
    response = get_response(request)
  File "X:\SSOC\Open-Source-Contribution-Atelier\backend\.venv\Lib\site-packages\django\core\handlers\base.py", line 
197, in _get_response
    response = wrapped_callback(request, *callback_args, **callback_kwargs)
  File "X:\SSOC\Open-Source-Contribution-Atelier\backend\.venv\Lib\site-packages\django\contrib\admin\options.py", 
line 718, in wrapper
    return self.admin_site.admin_view(view)(*args, **kwargs)
           ~~~~~~~~~~~~~~~~~~~~~~~~~~~~~~~~^^^^^^^^^^^^^^^^^
  File "X:\SSOC\Open-Source-Contribution-Atelier\backend\.venv\Lib\site-packages\django\utils\decorators.py", line 
188, in _view_wrapper
    result = _process_exception(request, e)
  File "X:\SSOC\Open-Source-Contribution-Atelier\backend\.venv\Lib\site-packages\django\utils\decorators.py", line 
186, in _view_wrapper
    response = view_func(request, *args, **kwargs)
  File "X:\SSOC\Open-Source-Contribution-Atelier\backend\.venv\Lib\site-packages\django\views\decorators\cache.py", 
line 80, in _view_wrapper
    response = view_func(request, *args, **kwargs)
  File "X:\SSOC\Open-Source-Contribution-Atelier\backend\.venv\Lib\site-packages\django\contrib\admin\sites.py", line 
241, in inner
    return view(request, *args, **kwargs)
  File "X:\SSOC\Open-Source-Contribution-Atelier\backend\.venv\Lib\site-packages\django\utils\decorators.py", line 48, 
in _wrapper
    return bound_method(*args, **kwargs)
  File "X:\SSOC\Open-Source-Contribution-Atelier\backend\.venv\Lib\site-packages\django\utils\decorators.py", line 
188, in _view_wrapper
    result = _process_exception(request, e)
  File "X:\SSOC\Open-Source-Contribution-Atelier\backend\.venv\Lib\site-packages\django\utils\decorators.py", line 
186, in _view_wrapper
    response = view_func(request, *args, **kwargs)
  File "X:\SSOC\Open-Source-Contribution-Atelier\backend\.venv\Lib\site-packages\django\contrib\admin\options.py", 
line 2181, in delete_view
    return self._delete_view(request, object_id, extra_context)
           ~~~~~~~~~~~~~~~~~^^^^^^^^^^^^^^^^^^^^^^^^^^^^^^^^^^^
  File "X:\SSOC\Open-Source-Contribution-Atelier\backend\.venv\Lib\site-packages\django\contrib\admin\options.py", 
line 2196, in _delete_view
    raise PermissionDenied
django.core.exceptions.PermissionDenied

...F
======================================================================
FAIL: test_logentry_edge_case_search_json_message 
(apps.accounts.tests_admin_log.AdminLogEntryTest.test_logentry_edge_case_search_json_message)
Verify that searching parses and matches stringified JSON change messages.
----------------------------------------------------------------------
Traceback (most recent call last):
  File "X:\SSOC\Open-Source-Contribution-Atelier\backend\apps\accounts\tests_admin_log.py", line 119, in 
test_logentry_edge_case_search_json_message
    self.assertContains(response, "special custom flag")
    ~~~~~~~~~~~~~~~~~~~^^^^^^^^^^^^^^^^^^^^^^^^^^^^^^^^^
  File "X:\SSOC\Open-Source-Contribution-Atelier\backend\.venv\Lib\site-packages\django\test\testcases.py", line 623, 
in assertContains
    self.assertTrue(
    ~~~~~~~~~~~~~~~^
        real_count != 0,
        ^^^^^^^^^^^^^^^^
    ...<3 lines>...
        ),
        ^^
    )
    ^
AssertionError: False is not true : Couldn't find 'special custom flag' in the following response
b'<!DOCTYPE html>\n\n<html lang="en-us" dir="ltr">\n<head>\n<title>Select log entry to view | Django site 
admin</title>\n<link rel="stylesheet" href="/static/admin/css/base.css">\n\n  <link rel="stylesheet" 
href="/static/admin/css/dark_mode.css">\n  <script src="/static/admin/js/theme.js"></script>\n\n\n  <link 
rel="stylesheet" href="/static/admin/css/nav_sidebar.css">\n  <script src="/static/admin/js/nav_sidebar.js" 
defer></script>\n\n\n  \n  <link rel="stylesheet" href="/static/admin/css/changelists.css">\n  \n  \n  \n  
\n\n\n\n\n<script src="/static/admin/js/vendor/jquery/jquery.min.js"></script>\n<script 
src="/static/admin/js/jquery.init.js"></script>\n<script src="/static/admin/js/core.js"></script>\n<script 
src="/static/admin/js/admin/RelatedObjectLookups.js"></script>\n<script 
src="/static/admin/js/actions.js"></script>\n<script src="/static/admin/js/urlify.js"></script>\n<script 
src="/static/admin/js/prepopulate.js"></script>\n<script 
src="/static/admin/js/vendor/xregexp/xregexp.min.js"></script>\n<script src="/static/admin/js/filters.js" 
defer></script>\n\n\n    <meta name="viewport" content="width=device-width, initial-scale=1.0">\n    <link 
rel="stylesheet" href="/static/admin/css/responsive.css">\n    \n\n<meta name="robots" 
content="NONE,NOARCHIVE">\n</head>\n\n<body class=" app-admin model-logentry change-list"\n  
data-admin-utc-offset="0">\n<a href="#content-start" class="skip-to-content-link">Skip to main content</a>\n<!-- 
Container -->\n<div id="container">\n\n    \n    <!-- Header -->\n    \n      <header id="header">\n        <div 
id="branding">\n        \n<div id="site-name"><a href="/admin/">Django administration</a></div>\n\n\n        </div>\n  
      \n        \n        <div id="user-tools">\n            \n                Welcome,\n                
<strong>admin_user</strong>.\n            \n            \n                \n                    <a href="/">View 
site</a> /\n                \n                \n                    \n                    \n                \n         
       \n                <a href="/admin/password_change/">Change password</a> /\n                \n                
<form id="logout-form" method="post" action="/admin/logout/">\n                    <input type="hidden" 
name="csrfmiddlewaretoken" value="IjwxSOv59zd4mIAqlp5fe6LSF1y9GGSRxpkKjsRdSM3i8a2HMQEEjTktnOOhidcJ">\n                 
   <button type="submit">Log out</button>\n                </form>\n                \n<button class="theme-toggle">\n  
<span class="visually-hidden theme-label-when-auto">Toggle theme (current theme: auto)</span>\n  <span 
class="visually-hidden theme-label-when-light">Toggle theme (current theme: light)</span>\n  <span 
class="visually-hidden theme-label-when-dark">Toggle theme (current theme: dark)</span>\n  <svg aria-hidden="true" 
class="theme-icon-when-auto">\n    <use xlink:href="#icon-auto" />\n  </svg>\n  <svg aria-hidden="true" 
class="theme-icon-when-dark">\n    <use xlink:href="#icon-moon" />\n  </svg>\n  <svg aria-hidden="true" 
class="theme-icon-when-light">\n    <use xlink:href="#icon-sun" />\n  </svg>\n</button>\n\n            \n        
</div>\n        \n        \n        \n      </header>\n    \n    <!-- END Header -->\n    \n      <nav 
aria-label="Breadcrumbs">\n        \n<div class="breadcrumbs">\n<a href="/admin/">Home</a>\n&rsaquo; <a 
href="/admin/admin/">Administration</a>\n&rsaquo; Log entries\n</div>\n\n      </nav>\n    \n    \n\n    <div 
class="main" id="main">\n      \n        \n          \n<button class="sticky toggle-nav-sidebar" 
id="toggle-nav-sidebar" aria-label="Toggle navigation"></button>\n<nav class="sticky" id="nav-sidebar" 
aria-label="Sidebar">\n  <input type="search" id="nav-filter"\n         placeholder="Start typing to 
filter\xe2\x80\xa6"\n         aria-label="Filter navigation items">\n  \n\n\n  \n    <div class="app-accounts 
module">\n      <table>\n        <caption>\n          <a href="/admin/accounts/" class="section" title="Models in the 
Accounts application">Accounts</a>\n        </caption>\n        \n          \n            <tr 
class="model-mentorprofile">\n              <th scope="row" id="accounts-mentorprofile">\n                \n           
       <a href="/admin/accounts/mentorprofile/">Mentor profiles</a>\n                \n              </th>\n\n         
     \n                <td><a href="/admin/accounts/mentorprofile/add/" class="addlink" 
aria-describedby="accounts-mentorprofile">Add</a></td>\n              \n\n              \n            </tr>\n          
\n        \n      </table>\n    </div>\n  \n    <div class="app-admin module current-app">\n      <table>\n        
<caption>\n          <a href="/admin/admin/" class="section" title="Models in the Administration 
application">Administration</a>\n        </caption>\n        \n          \n            <tr class="model-logentry 
current-model">\n              <th scope="row" id="admin-logentry">\n                \n                  <a 
href="/admin/admin/logentry/" aria-current="page">Log entries</a>\n                \n              </th>\n\n           
   \n                <td></td>\n              \n\n              \n            </tr>\n          \n        \n      
</table>\n    </div>\n  \n    <div class="app-auth module">\n      <table>\n        <caption>\n          <a 
href="/admin/auth/" class="section" title="Models in the Authentication and Authorization application">Authentication 
and Authorization</a>\n        </caption>\n        \n          \n            <tr class="model-group">\n              
<th scope="row" id="auth-group">\n                \n                  <a href="/admin/auth/group/">Groups</a>\n        
        \n              </th>\n\n              \n                <td><a href="/admin/auth/group/add/" class="addlink" 
aria-describedby="auth-group">Add</a></td>\n              \n\n              \n            </tr>\n          \n        
\n          \n            <tr class="model-user">\n              <th scope="row" id="auth-user">\n                \n   
               <a href="/admin/auth/user/">Users</a>\n                \n              </th>\n\n              \n        
        <td><a href="/admin/auth/user/add/" class="addlink" aria-describedby="auth-user">Add</a></td>\n              
\n\n              \n            </tr>\n          \n        \n      </table>\n    </div>\n  \n    <div 
class="app-challenges module">\n      <table>\n        <caption>\n          <a href="/admin/challenges/" 
class="section" title="Models in the Challenges application">Challenges</a>\n        </caption>\n        \n          
\n            <tr class="model-challenge">\n              <th scope="row" id="challenges-challenge">\n                
\n                  <a href="/admin/challenges/challenge/">Challenges</a>\n                \n              </th>\n\n   
           \n                <td><a href="/admin/challenges/challenge/add/" class="addlink" 
aria-describedby="challenges-challenge">Add</a></td>\n              \n\n              \n            </tr>\n          
\n        \n      </table>\n    </div>\n  \n    <div class="app-content module">\n      <table>\n        <caption>\n   
       <a href="/admin/content/" class="section" title="Models in the Content application">Content</a>\n        
</caption>\n        \n          \n            <tr class="model-exercise">\n              <th scope="row" 
id="content-exercise">\n                \n                  <a href="/admin/content/exercise/">Exercises</a>\n         
       \n              </th>\n\n              \n                <td><a href="/admin/content/exercise/add/" 
class="addlink" aria-describedby="content-exercise">Add</a></td>\n              \n\n              \n            
</tr>\n          \n        \n          \n            <tr class="model-lesson">\n              <th scope="row" 
id="content-lesson">\n                \n                  <a href="/admin/content/lesson/">Lessons</a>\n               
 \n              </th>\n\n              \n                <td><a href="/admin/content/lesson/add/" class="addlink" 
aria-describedby="content-lesson">Add</a></td>\n              \n\n              \n            </tr>\n          \n      
  \n      </table>\n    </div>\n  \n    <div class="app-progress module">\n      <table>\n        <caption>\n          
<a href="/admin/progress/" class="section" title="Models in the Progress application">Progress</a>\n        
</caption>\n        \n          \n            <tr class="model-badge">\n              <th scope="row" 
id="progress-badge">\n                \n                  <a href="/admin/progress/badge/">Badges</a>\n                
\n              </th>\n\n              \n                <td><a href="/admin/progress/badge/add/" class="addlink" 
aria-describedby="progress-badge">Add</a></td>\n              \n\n              \n            </tr>\n          \n      
  \n          \n            <tr class="model-exerciseattempt">\n              <th scope="row" 
id="progress-exerciseattempt">\n                \n                  <a 
href="/admin/progress/exerciseattempt/">Exercise attempts</a>\n                \n              </th>\n\n              
\n                <td><a href="/admin/progress/exerciseattempt/add/" class="addlink" 
aria-describedby="progress-exerciseattempt">Add</a></td>\n              \n\n              \n            </tr>\n        
  \n        \n          \n            <tr class="model-lessonprogress">\n              <th scope="row" 
id="progress-lessonprogress">\n                \n                  <a href="/admin/progress/lessonprogress/">Lesson 
progresss</a>\n                \n              </th>\n\n              \n                <td><a 
href="/admin/progress/lessonprogress/add/" class="addlink" aria-describedby="progress-lessonprogress">Add</a></td>\n   
           \n\n              \n            </tr>\n          \n        \n          \n            <tr 
class="model-userbadge">\n              <th scope="row" id="progress-userbadge">\n                \n                  
<a href="/admin/progress/userbadge/">User badges</a>\n                \n              </th>\n\n              \n        
        <td><a href="/admin/progress/userbadge/add/" class="addlink" 
aria-describedby="progress-userbadge">Add</a></td>\n              \n\n              \n            </tr>\n          \n  
      \n      </table>\n    </div>\n  \n    <div class="app-sandbox module">\n      <table>\n        <caption>\n       
   <a href="/admin/sandbox/" class="section" title="Models in the Sandbox application">Sandbox</a>\n        
</caption>\n        \n          \n            <tr class="model-sandboxexecutionlog">\n              <th scope="row" 
id="sandbox-sandboxexecutionlog">\n                \n                  <a 
href="/admin/sandbox/sandboxexecutionlog/">Sandbox execution logs</a>\n                \n              </th>\n\n       
       \n                <td><a href="/admin/sandbox/sandboxexecutionlog/add/" class="addlink" 
aria-describedby="sandbox-sandboxexecutionlog">Add</a></td>\n              \n\n              \n            </tr>\n     
     \n        \n      </table>\n    </div>\n  \n    <div class="app-token_blacklist module">\n      <table>\n        
<caption>\n          <a href="/admin/token_blacklist/" class="section" title="Models in the Token Blacklist 
application">Token Blacklist</a>\n        </caption>\n        \n          \n            <tr 
class="model-blacklistedtoken">\n              <th scope="row" id="token_blacklist-blacklistedtoken">\n                
\n                  <a href="/admin/token_blacklist/blacklistedtoken/">Blacklisted Tokens</a>\n                \n      
        </th>\n\n              \n                <td><a href="/admin/token_blacklist/blacklistedtoken/add/" 
class="addlink" aria-describedby="token_blacklist-blacklistedtoken">Add</a></td>\n              \n\n              \n   
         </tr>\n          \n        \n          \n            <tr class="model-outstandingtoken">\n              <th 
scope="row" id="token_blacklist-outstandingtoken">\n                \n                  <a 
href="/admin/token_blacklist/outstandingtoken/">Outstanding Tokens</a>\n                \n              </th>\n\n      
        \n                <td></td>\n              \n\n              \n            </tr>\n          \n        \n      
</table>\n    </div>\n  \n\n\n</nav>\n\n        \n      \n      <main id="content-start" class="content" 
tabindex="-1">\n        \n          \n        \n        <!-- Content -->\n        <div id="content" class="">\n        
  \n          <h1>Select log entry to view</h1>\n          \n          \n  <div id="content-main">\n    \n        <ul 
class="object-tools">\n          \n            \n\n\n  \n\n\n          \n        </ul>\n    \n    \n    <div 
class="module filtered" id="changelist">\n      <div class="changelist-form-container">\n        \n\n<div 
id="toolbar"><form id="changelist-search" method="get" role="search">\n<div><!-- DIV needed for valid HTML -->\n<label 
for="searchbar"><img src="/static/admin/img/search.svg" alt="Search"></label>\n<input type="text" size="40" name="q" 
value="special custom" id="searchbar">\n<input type="submit" value="Search">\n\n\n    
\n\n</div>\n\n</form></div>\n\n\n        \n<nav class="toplinks">\n\n\n<a 
href="?action_time__year=2026&amp;q=special+custom" class="date-back">&lsaquo; 2026</a>\n\n\n\n<a 
href="?action_time__day=24&amp;action_time__month=6&amp;action_time__year=2026&amp;q=special+custom">June 
24</a>\n\n\n\n</nav>\n\n\n\n        <form id="changelist-form" method="post" novalidate><input type="hidden" 
name="csrfmiddlewaretoken" value="IjwxSOv59zd4mIAqlp5fe6LSF1y9GGSRxpkKjsRdSM3i8a2HMQEEjTktnOOhidcJ">\n        \n\n     
   \n          \n          \n\n\n<div class="results">\n<table id="result_list">\n<thead>\n<tr>\n\n<th scope="col" 
class="sortable column-action_time sorted descending">\n   \n       <div class="sortoptions">\n         <a 
class="sortremove" href="?o=&amp;q=special+custom" title="Remove from sorting"></a>\n         \n         <a 
href="?o=0&amp;q=special+custom" class="toggle descending" title="Toggle sorting"></a>\n       </div>\n   \n   <div 
class="text"><a href="?o=0&amp;q=special+custom">Action time</a></div>\n   <div class="clear"></div>\n</th>\n<th 
scope="col" class="sortable column-user">\n   \n   <div class="text"><a 
href="?o=1.-0&amp;q=special+custom">User</a></div>\n   <div class="clear"></div>\n</th>\n<th scope="col" 
class="sortable column-content_type">\n   \n   <div class="text"><a href="?o=2.-0&amp;q=special+custom">Content 
type</a></div>\n   <div class="clear"></div>\n</th>\n<th scope="col" class="sortable column-object_repr">\n   \n   
<div class="text"><a href="?o=3.-0&amp;q=special+custom">Object repr</a></div>\n   <div 
class="clear"></div>\n</th>\n<th scope="col" class="sortable column-action_flag">\n   \n   <div class="text"><a 
href="?o=4.-0&amp;q=special+custom">Action flag</a></div>\n   <div 
class="clear"></div>\n</th>\n</tr>\n</thead>\n<tbody>\n\n\n<tr><th class="field-action_time nowrap"><a 
href="/admin/admin/logentry/1/change/?_changelist_filters=q%3Dspecial%2Bcustom">June 24, 2026, 5:33 a.m.</a></th><td 
class="field-user nowrap">admin_user</td><td class="field-content_type nowrap">Authentication and Authorization | 
user</td><td class="field-object_repr">admin_user</td><td 
class="field-action_flag">Change</td></tr>\n\n</tbody>\n</table>\n</div>\n\n\n          \n        \n        \n\n<p 
class="paginator">\n\n1 log entry\n\n\n</p>\n\n        </form>\n      </div>\n      \n        \n          <nav 
id="changelist-filter" aria-labelledby="changelist-filter-header">\n            <h2 
id="changelist-filter-header">Filter</h2>\n            <div id="changelist-filter-extra-actions">\n              
<h3>\n                <a href="?_facets=True&amp;q=special+custom" class="viewlink">Show counts</a>\n              
</h3>\n              \n            </div>\n            \n<details data-filter-title="content type" open>\n  
<summary>\n     By content type \n  </summary>\n  <ul>\n  \n    <li class="selected">\n    <a 
href="?q=special+custom">All</a></li>\n  \n    <li>\n    <a 
href="?content_type__id__exact=1&amp;q=special+custom">Administration | log entry</a></li>\n  \n    <li>\n    <a 
href="?content_type__id__exact=2&amp;q=special+custom">Authentication and Authorization | permission</a></li>\n  \n    
<li>\n    <a href="?content_type__id__exact=3&amp;q=special+custom">Authentication and Authorization | 
group</a></li>\n  \n    <li>\n    <a href="?content_type__id__exact=4&amp;q=special+custom">Authentication and 
Authorization | user</a></li>\n  \n    <li>\n    <a href="?content_type__id__exact=5&amp;q=special+custom">Content 
Types | content type</a></li>\n  \n    <li>\n    <a href="?content_type__id__exact=6&amp;q=special+custom">Sessions | 
session</a></li>\n  \n    <li>\n    <a href="?content_type__id__exact=7&amp;q=special+custom">Accounts | password 
reset token</a></li>\n  \n    <li>\n    <a href="?content_type__id__exact=8&amp;q=special+custom">Accounts | otp 
token</a></li>\n  \n    <li>\n    <a href="?content_type__id__exact=9&amp;q=special+custom">Accounts | mentor 
profile</a></li>\n  \n    <li>\n    <a href="?content_type__id__exact=10&amp;q=special+custom">Accounts | user 
profile</a></li>\n  \n    <li>\n    <a href="?content_type__id__exact=11&amp;q=special+custom">Accounts | magic link 
token</a></li>\n  \n    <li>\n    <a href="?content_type__id__exact=12&amp;q=special+custom">Content | 
lesson</a></li>\n  \n    <li>\n    <a href="?content_type__id__exact=13&amp;q=special+custom">Content | 
exercise</a></li>\n  \n    <li>\n    <a href="?content_type__id__exact=14&amp;q=special+custom">Content | 
comment</a></li>\n  \n    <li>\n    <a href="?content_type__id__exact=15&amp;q=special+custom">Content | 
organization</a></li>\n  \n    <li>\n    <a href="?content_type__id__exact=16&amp;q=special+custom">Progress | 
badge</a></li>\n  \n    <li>\n    <a href="?content_type__id__exact=17&amp;q=special+custom">Progress | help 
request</a></li>\n  \n    <li>\n    <a href="?content_type__id__exact=18&amp;q=special+custom">Progress | exercise 
attempt</a></li>\n  \n    <li>\n    <a href="?content_type__id__exact=19&amp;q=special+custom">Progress | 
certificate</a></li>\n  \n    <li>\n    <a href="?content_type__id__exact=20&amp;q=special+custom">Progress | user 
badge</a></li>\n  \n    <li>\n    <a href="?content_type__id__exact=21&amp;q=special+custom">Progress | quiz 
attempt</a></li>\n  \n    <li>\n    <a href="?content_type__id__exact=22&amp;q=special+custom">Progress | lesson 
progress</a></li>\n  \n    <li>\n    <a href="?content_type__id__exact=23&amp;q=special+custom">Challenges | 
challenge</a></li>\n  \n    <li>\n    <a href="?content_type__id__exact=24&amp;q=special+custom">Sandbox | sandbox 
execution log</a></li>\n  \n    <li>\n    <a href="?content_type__id__exact=25&amp;q=special+custom">Organizations | 
organization</a></li>\n  \n    <li>\n    <a href="?content_type__id__exact=26&amp;q=special+custom">Webhooks | webhook 
endpoint</a></li>\n  \n    <li>\n    <a href="?content_type__id__exact=27&amp;q=special+custom">Webhooks | webhook 
delivery</a></li>\n  \n    <li>\n    <a href="?content_type__id__exact=28&amp;q=special+custom">Notes | 
note</a></li>\n  \n    <li>\n    <a href="?content_type__id__exact=29&amp;q=special+custom">Token Blacklist | 
Blacklisted Token</a></li>\n  \n    <li>\n    <a href="?content_type__id__exact=30&amp;q=special+custom">Token 
Blacklist | Outstanding Token</a></li>\n  \n    <li>\n    <a 
href="?content_type__id__exact=31&amp;q=special+custom">Notifications | notification</a></li>\n  \n    <li>\n    <a 
href="?content_type__id__exact=32&amp;q=special+custom">Notifications | push subscription</a></li>\n  \n    <li>\n    
<a href="?content_type__id__exact=33&amp;q=special+custom">Dashboard | issue</a></li>\n  \n    <li>\n    <a 
href="?content_type__id__exact=34&amp;q=special+custom">Dashboard | pull request</a></li>\n  \n    <li>\n    <a 
href="?content_type__id__exact=35&amp;q=special+custom">Dashboard | streak freeze</a></li>\n  \n    <li>\n    <a 
href="?content_type__id__exact=36&amp;q=special+custom">Chat | message</a></li>\n  \n    <li>\n    <a 
href="?content_type__id__exact=37&amp;q=special+custom">Search | search document</a></li>\n  \n    <li>\n    <a 
href="?content_type__isnull=True&amp;q=special+custom">-</a></li>\n  \n  </ul>\n</details>\n\n<details 
data-filter-title="action flag" open>\n  <summary>\n     By action flag \n  </summary>\n  <ul>\n  \n    <li 
class="selected">\n    <a href="?q=special+custom">All</a></li>\n  \n    <li>\n    <a 
href="?action_flag__exact=1&amp;q=special+custom">Addition</a></li>\n  \n    <li>\n    <a 
href="?action_flag__exact=2&amp;q=special+custom">Change</a></li>\n  \n    <li>\n    <a 
href="?action_flag__exact=3&amp;q=special+custom">Deletion</a></li>\n  \n  </ul>\n</details>\n\n          </nav>\n     
   \n      \n    </div>\n  </div>\n\n          \n          <br class="clear">\n        </div>\n        <!-- END 
Content -->\n      </main>\n    </div>\n    <footer id="footer"></footer>\n</div>\n<!-- END Container -->\n\n<!-- SVGs 
-->\n<svg xmlns="http://www.w3.org/2000/svg" class="base-svgs">\n  <symbol viewBox="0 0 24 24" width="1rem" 
height="1rem" id="icon-auto"><path d="M0 0h24v24H0z" fill="currentColor"/><path d="M12 22C6.477 22 2 17.523 2 12S6.477 
2 12 2s10 4.477 10 10-4.477 10-10 10zm0-2V4a8 8 0 1 0 0 16z"/></symbol>\n  <symbol viewBox="0 0 24 24" width="1rem" 
height="1rem" id="icon-moon"><path d="M0 0h24v24H0z" fill="currentColor"/><path d="M10 7a7 7 0 0 0 12 4.9v.1c0 
5.523-4.477 10-10 10S2 17.523 2 12 6.477 2 12 2h.1A6.979 6.979 0 0 0 10 7zm-6 5a8 8 0 0 0 15.062 3.762A9 9 0 0 1 8.238 
4.938 7.999 7.999 0 0 0 4 12z"/></symbol>\n  <symbol viewBox="0 0 24 24" width="1rem" height="1rem" 
id="icon-sun"><path d="M0 0h24v24H0z" fill="currentColor"/><path d="M12 18a6 6 0 1 1 0-12 6 6 0 0 1 0 12zm0-2a4 4 0 1 
0 0-8 4 4 0 0 0 0 8zM11 1h2v3h-2V1zm0 19h2v3h-2v-3zM3.515 4.929l1.414-1.414L7.05 5.636 5.636 7.05 3.515 4.93zM16.95 
18.364l1.414-1.414 2.121 2.121-1.414 1.414-2.121-2.121zm2.121-14.85l1.414 1.415-2.121 2.121-1.414-1.414 
2.121-2.121zM5.636 16.95l1.414 1.414-2.121 2.121-1.414-1.414 2.121-2.121zM23 11v2h-3v-2h3zM4 
11v2H1v-2h3z"/></symbol>\n</svg>\n<!-- END SVGs -->\n</body>\n</html>\n'

----------------------------------------------------------------------
Ran 4 tests in 8.419s

FAILED (failures=1)
Destroying test database for alias 'default'...

